------------------------------------------------------------
Timing Analyzer Summary
------------------------------------------------------------

Type  : Slow 1200mV 100C Model Setup 'soc|sdram_pll|sd1|pll7|clk[0]'
Slack : -1.512
TNS   : -40.949

Type  : Slow 1200mV 100C Model Setup 'clk_dram_ext'
Slack : -1.199
TNS   : -34.398

Type  : Slow 1200mV 100C Model Setup 'MAX10_CLK1_50'
Slack : 5.619
TNS   : 0.000

Type  : Slow 1200mV 100C Model Setup 'altera_reserved_tck'
Slack : 46.061
TNS   : 0.000

Type  : Slow 1200mV 100C Model Hold 'MAX10_CLK1_50'
Slack : 0.295
TNS   : 0.000

Type  : Slow 1200mV 100C Model Hold 'altera_reserved_tck'
Slack : 0.339
TNS   : 0.000

Type  : Slow 1200mV 100C Model Hold 'soc|sdram_pll|sd1|pll7|clk[0]'
Slack : 0.341
TNS   : 0.000

Type  : Slow 1200mV 100C Model Hold 'clk_dram_ext'
Slack : 3.940
TNS   : 0.000

Type  : Slow 1200mV 100C Model Recovery 'soc|sdram_pll|sd1|pll7|clk[0]'
Slack : 2.258
TNS   : 0.000

Type  : Slow 1200mV 100C Model Recovery 'MAX10_CLK1_50'
Slack : 13.449
TNS   : 0.000

Type  : Slow 1200mV 100C Model Recovery 'altera_reserved_tck'
Slack : 48.071
TNS   : 0.000

Type  : Slow 1200mV 100C Model Removal 'altera_reserved_tck'
Slack : 1.135
TNS   : 0.000

Type  : Slow 1200mV 100C Model Removal 'soc|sdram_pll|sd1|pll7|clk[0]'
Slack : 2.230
TNS   : 0.000

Type  : Slow 1200mV 100C Model Removal 'MAX10_CLK1_50'
Slack : 3.331
TNS   : 0.000

Type  : Slow 1200mV 100C Model Minimum Pulse Width 'clk_dram_ext'
Slack : 2.456
TNS   : 0.000

Type  : Slow 1200mV 100C Model Minimum Pulse Width 'soc|sdram_pll|sd1|pll7|clk[1]'
Slack : 2.456
TNS   : 0.000

Type  : Slow 1200mV 100C Model Minimum Pulse Width 'soc|sdram_pll|sd1|pll7|clk[0]'
Slack : 3.033
TNS   : 0.000

Type  : Slow 1200mV 100C Model Minimum Pulse Width 'MAX10_CLK1_50'
Slack : 9.549
TNS   : 0.000

Type  : Slow 1200mV 100C Model Minimum Pulse Width 'altera_reserved_tck'
Slack : 49.622
TNS   : 0.000

Type  : Slow 1200mV -40C Model Setup 'clk_dram_ext'
Slack : -1.498
TNS   : -38.259

Type  : Slow 1200mV -40C Model Setup 'soc|sdram_pll|sd1|pll7|clk[0]'
Slack : -0.601
TNS   : -4.504

Type  : Slow 1200mV -40C Model Setup 'MAX10_CLK1_50'
Slack : 7.228
TNS   : 0.000

Type  : Slow 1200mV -40C Model Setup 'altera_reserved_tck'
Slack : 46.505
TNS   : 0.000

Type  : Slow 1200mV -40C Model Hold 'MAX10_CLK1_50'
Slack : 0.275
TNS   : 0.000

Type  : Slow 1200mV -40C Model Hold 'altera_reserved_tck'
Slack : 0.290
TNS   : 0.000

Type  : Slow 1200mV -40C Model Hold 'soc|sdram_pll|sd1|pll7|clk[0]'
Slack : 0.291
TNS   : 0.000

Type  : Slow 1200mV -40C Model Hold 'clk_dram_ext'
Slack : 4.009
TNS   : 0.000

Type  : Slow 1200mV -40C Model Recovery 'soc|sdram_pll|sd1|pll7|clk[0]'
Slack : 2.742
TNS   : 0.000

Type  : Slow 1200mV -40C Model Recovery 'MAX10_CLK1_50'
Slack : 14.331
TNS   : 0.000

Type  : Slow 1200mV -40C Model Recovery 'altera_reserved_tck'
Slack : 48.284
TNS   : 0.000

Type  : Slow 1200mV -40C Model Removal 'altera_reserved_tck'
Slack : 0.982
TNS   : 0.000

Type  : Slow 1200mV -40C Model Removal 'soc|sdram_pll|sd1|pll7|clk[0]'
Slack : 1.936
TNS   : 0.000

Type  : Slow 1200mV -40C Model Removal 'MAX10_CLK1_50'
Slack : 2.935
TNS   : 0.000

Type  : Slow 1200mV -40C Model Minimum Pulse Width 'clk_dram_ext'
Slack : 2.456
TNS   : 0.000

Type  : Slow 1200mV -40C Model Minimum Pulse Width 'soc|sdram_pll|sd1|pll7|clk[1]'
Slack : 2.456
TNS   : 0.000

Type  : Slow 1200mV -40C Model Minimum Pulse Width 'soc|sdram_pll|sd1|pll7|clk[0]'
Slack : 3.011
TNS   : 0.000

Type  : Slow 1200mV -40C Model Minimum Pulse Width 'MAX10_CLK1_50'
Slack : 9.585
TNS   : 0.000

Type  : Slow 1200mV -40C Model Minimum Pulse Width 'altera_reserved_tck'
Slack : 49.660
TNS   : 0.000

Type  : Fast 1200mV -40C Model Setup 'clk_dram_ext'
Slack : -1.793
TNS   : -38.125

Type  : Fast 1200mV -40C Model Setup 'soc|sdram_pll|sd1|pll7|clk[0]'
Slack : 3.253
TNS   : 0.000

Type  : Fast 1200mV -40C Model Setup 'MAX10_CLK1_50'
Slack : 14.191
TNS   : 0.000

Type  : Fast 1200mV -40C Model Setup 'altera_reserved_tck'
Slack : 48.670
TNS   : 0.000

Type  : Fast 1200mV -40C Model Hold 'soc|sdram_pll|sd1|pll7|clk[0]'
Slack : -0.426
TNS   : -6.381

Type  : Fast 1200mV -40C Model Hold 'MAX10_CLK1_50'
Slack : 0.111
TNS   : 0.000

Type  : Fast 1200mV -40C Model Hold 'altera_reserved_tck'
Slack : 0.140
TNS   : 0.000

Type  : Fast 1200mV -40C Model Hold 'clk_dram_ext'
Slack : 4.103
TNS   : 0.000

Type  : Fast 1200mV -40C Model Recovery 'soc|sdram_pll|sd1|pll7|clk[0]'
Slack : 4.728
TNS   : 0.000

Type  : Fast 1200mV -40C Model Recovery 'MAX10_CLK1_50'
Slack : 16.816
TNS   : 0.000

Type  : Fast 1200mV -40C Model Recovery 'altera_reserved_tck'
Slack : 49.415
TNS   : 0.000

Type  : Fast 1200mV -40C Model Removal 'altera_reserved_tck'
Slack : 0.458
TNS   : 0.000

Type  : Fast 1200mV -40C Model Removal 'soc|sdram_pll|sd1|pll7|clk[0]'
Slack : 1.046
TNS   : 0.000

Type  : Fast 1200mV -40C Model Removal 'MAX10_CLK1_50'
Slack : 1.569
TNS   : 0.000

Type  : Fast 1200mV -40C Model Minimum Pulse Width 'clk_dram_ext'
Slack : 2.666
TNS   : 0.000

Type  : Fast 1200mV -40C Model Minimum Pulse Width 'soc|sdram_pll|sd1|pll7|clk[1]'
Slack : 2.666
TNS   : 0.000

Type  : Fast 1200mV -40C Model Minimum Pulse Width 'soc|sdram_pll|sd1|pll7|clk[0]'
Slack : 3.059
TNS   : 0.000

Type  : Fast 1200mV -40C Model Minimum Pulse Width 'MAX10_CLK1_50'
Slack : 8.558
TNS   : 0.000

Type  : Fast 1200mV -40C Model Minimum Pulse Width 'altera_reserved_tck'
Slack : 49.425
TNS   : 0.000

------------------------------------------------------------
